1: // This is C++ Style Comment
2: /* This is C Style Comment */
3: // NotId 12345 123.456E+55 "Hello World"
4: // Nested comments // Innermost Comment
5: // Nested Outer comment /* Nested Inner C++ Style Comment // */ Nested Outer comment in the last
6: /* Hello World | // <- You should not scan this one as C Style Comment | C++ Style Comment ends -> */
7: /*  
8:     NotId
9:     12345
10:     123.456E+55
11:     "Hello World"
12:     // Nested C Style comments
13:     // Nested C Style Comments
14: */
