1: 5.36
2: 1768.0126976
3: 17.249E5
4: 16.33074E+2
5: 16.3374E-2
6: 1430E6
7: 16E+2
8: 7E-303
9: 142.53EAA
