1: 0
2: 9
3: 13562
4: 138796542348956324597
5: 139783215468
