   0-th token(type:KEYWORD   ) on line    1,   1 : (
   1-th token(type:KEYWORD   ) on line    1,   2 : )
   2-th token(type:KEYWORD   ) on line    2,   1 : ;
   3-th token(type:KEYWORD   ) on line    3,   1 : .
   4-th token(type:KEYWORD   ) on line    4,   1 : ,
   5-th token(type:KEYWORD   ) on line    5,   1 : :
   6-th token(type:KEYWORD   ) on line    6,   1 : [
   7-th token(type:KEYWORD   ) on line    6,   2 : ]
   8-th token(type:KEYWORD   ) on line    7,   1 : :=
   9-th token(type:KEYWORD   ) on line    8,   1 : <
  10-th token(type:KEYWORD   ) on line    9,   1 : >
  11-th token(type:KEYWORD   ) on line   10,   1 : <=
  12-th token(type:KEYWORD   ) on line   11,   1 : >=
  13-th token(type:KEYWORD   ) on line   12,   1 : =
  14-th token(type:KEYWORD   ) on line   13,   1 : !=
  15-th token(type:KEYWORD   ) on line   14,   1 : +
  16-th token(type:KEYWORD   ) on line   15,   1 : -
  17-th token(type:KEYWORD   ) on line   16,   1 : *
  18-th token(type:KEYWORD   ) on line   17,   1 : /
  19-th token(type:KEYWORD   ) on line   18,   1 : ..
