   0-th token(type:KEYWORD   ) on line    1,   1 : program
   1-th token(type:KEYWORD   ) on line    2,   1 : var
   2-th token(type:KEYWORD   ) on line    3,   1 : array
   3-th token(type:KEYWORD   ) on line    4,   1 : not
   4-th token(type:KEYWORD   ) on line    5,   1 : of
   5-th token(type:KEYWORD   ) on line    6,   1 : integer
   6-th token(type:KEYWORD   ) on line    7,   1 : real
   7-th token(type:KEYWORD   ) on line    8,   1 : function
   8-th token(type:KEYWORD   ) on line    9,   1 : procedure
   9-th token(type:KEYWORD   ) on line   10,   1 : begin
  10-th token(type:KEYWORD   ) on line   11,   1 : end
  11-th token(type:KEYWORD   ) on line   12,   1 : if
  12-th token(type:KEYWORD   ) on line   13,   1 : then
  13-th token(type:KEYWORD   ) on line   14,   1 : else
  14-th token(type:KEYWORD   ) on line   15,   1 : while
  15-th token(type:KEYWORD   ) on line   16,   1 : do
