token(type:KEYWORD   ) on line    1,   1 : PROGRAM
token(type:IDENTIFIER) on line    1,   9 : mytest
token(type:KEYWORD   ) on line    1,  15 : (
token(type:IDENTIFIER) on line    1,  16 : input
token(type:KEYWORD   ) on line    1,  21 : ,
token(type:IDENTIFIER) on line    1,  23 : output
token(type:KEYWORD   ) on line    1,  29 : ,
token(type:IDENTIFIER) on line    1,  31 : error
token(type:KEYWORD   ) on line    1,  36 : )
token(type:KEYWORD   ) on line    1,  38 : ;
[INFO ] line    3:  4 comment string //incorrect symbols test

token(type:KEYWORD   ) on line    4,   4 : var
token(type:IDENTIFIER) on line    4,   8 : a
token(type:KEYWORD   ) on line    4,   9 : ,
token(type:NUMBER    ) on line    4,  11 : 0
token(type:IDENTIFIER) on line    4,  12 : aa
token(type:KEYWORD   ) on line    4,  14 : ,
token(type:IDENTIFIER) on line    4,  16 : bb
token(type:KEYWORD   ) on line    4,  18 : :
token(type:KEYWORD   ) on line    4,  20 : integer
token(type:KEYWORD   ) on line    4,  27 : ;
token(type:KEYWORD   ) on line    5,   4 : var
token(type:IDENTIFIER) on line    5,   8 : gg
token(type:KEYWORD   ) on line    5,  10 : ,
token(type:IDENTIFIER) on line    5,  12 : hh
token(type:KEYWORD   ) on line    5,  14 : ,
token(type:IDENTIFIER) on line    5,  16 : mm
token(type:KEYWORD   ) on line    5,  18 : ,
token(type:IDENTIFIER) on line    5,  20 : pp
token(type:KEYWORD   ) on line    5,  22 : ,
token(type:IDENTIFIER) on line    5,  24 : pp
[ERROR] line    5: 26 lexical analyzer error @
[ERROR] line    5: 27 lexical analyzer error $
token(type:NUMBER    ) on line    5,  28 : 5
token(type:KEYWORD   ) on line    5,  29 : :
token(type:KEYWORD   ) on line    5,  31 : real
token(type:KEYWORD   ) on line    5,  35 : ;
[INFO ] line    7:  4 comment string start
/* this is a very long comment and includes letter 
       //  and symbol qwertyui~@%hopasdfghjkl;.,mnbvcxz`12345
    67890p;mdsf4577846799tj,vsffdfger~!@#$%^&*()POIUYEP{{}_+|_{"?><MZXCVB  */
[INFO ] line    9: 76 comment string end
token(type:KEYWORD   ) on line   11,   4 : begin
token(type:IDENTIFIER) on line   12,   7 : str
token(type:KEYWORD   ) on line   12,  11 : :=
token(type:STRING    ) on line   12,  14 : "This is a srting!!"
token(type:KEYWORD   ) on line   12,  34 : ;
token(type:IDENTIFIER) on line   13,   7 : str2
token(type:KEYWORD   ) on line   13,  12 : :=
token(type:STRING    ) on line   13,  15 : "  This is a srting,too!!  "
token(type:KEYWORD   ) on line   13,  43 : ;
token(type:IDENTIFIER) on line   14,   7 : str3
token(type:KEYWORD   ) on line   14,  12 : :=
token(type:STRING    ) on line   14,  15 : ""
token(type:KEYWORD   ) on line   14,  17 : ;
token(type:IDENTIFIER) on line   15,   7 : str4
token(type:KEYWORD   ) on line   15,  12 : :=
token(type:STRING    ) on line   15,  15 : "adc"
token(type:STRING    ) on line   15,  20 : "def"
token(type:KEYWORD   ) on line   15,  25 : ;
token(type:IDENTIFIER) on line   16,   7 : str4
token(type:KEYWORD   ) on line   16,  12 : :=
token(type:STRING    ) on line   16,  15 : "cross 
         line string"
token(type:KEYWORD   ) on line   17,  22 : ;
token(type:IDENTIFIER) on line   18,   7 : str5
token(type:KEYWORD   ) on line   18,  12 : :=
[ERROR] line   18: 15 runaway string "cross 
token(type:IDENTIFIER) on line   19,  10 : line
token(type:KEYWORD   ) on line   19,  15 : string
token(type:KEYWORD   ) on line   19,  21 : ;
token(type:IDENTIFIER) on line   20,   7 : a
token(type:KEYWORD   ) on line   20,   9 : :=
token(type:NUMBER    ) on line   20,  12 : 5
token(type:KEYWORD   ) on line   20,  14 : +
token(type:IDENTIFIER) on line   20,  15 : bb
token(type:KEYWORD   ) on line   20,  17 : ;
token(type:KEYWORD   ) on line   21,   4 : end
token(type:KEYWORD   ) on line   21,   7 : .
[INFO ] line   21: 11 comment string // this is the end of the program

