1: PROGRAM mytest(input, output, error) ;
2: 
3:    //incorrect symbols test
4:    var a, 0aa, bb: integer;
5:    var gg, hh, mm, pp, pp@$5: real;
6: 
7:    /* this is a very long comment and includes letter and symbol qwertyui~@%hopasdfghjkl;.,mnbvcxz`1234567890p;mdsf4577846799tj,vsffdfger~!@#$%^&*()POIUYEP{{}_+|_{"?><MZXCVB
8: 
9:    begin
10:       str := 'This is a srting!!';
11:       str2 := "  This is a srting,too!!  ";
12:       str3 := "";
13:       str4 := "adc""def";
14:       str4 := "cross 
15:          line string";
16:       str5 := "cross 
17:          line string;
18:       a := 5 +bb;
19:    end.   // this is the end of the program
