1: PROGRAM mytest(input, output, error) ;
2: 
3:    //incorrect symbols test
4:    var a, 0aa, bb: integer;
5:    var gg, hh, mm, pp, pp@$5: real;
6: 
7:   
8:    var di, ei, ei00, ei;,- : array [ 1 .. 10 ] of integer; 
9:    var dr, er, er00, er;,-: array [ 1 .. 10 ] of real; 
10: 
11:    var kki, iii: array [ 23 .. 57 ] of array [ 23 .. 57 ] of integer; 
12:    var kkr, iir: array [ 23 .. 57 ] of array [ 23 .. 57 ] of real; 
13:    
14:    var aVeryLongIdentifierGASDFDFGHJERYUKDVBNFBNDFGHwertyuioplkjhgfdsazxcvbnm: integer;
15:    var a_wrong_identifier_aadgnm: integer;
16:    
17:    //this is a very long comment and includes letter and symbol qwertyui~@%hopasdfghjkl;.,mnbvcxz`1234567890p;mdsf4577846799tj,vsffdfger~!@#$%^&*()POIUYEP{{}_+|_{"?><MZXCVB
18: 
19:    begin
20:       a := 1;
21:       bb:=354+126*(920-27/190);
22:       cc := 10..20;
23:       gg := 10.3E+5;
24:       hh := 10.3E+BC;
25:       mm := 10.3E+2.34;
26:       pp := 10.3EBC;
27:       rr := 10.3E+5+123;
28:       str := "This is a srting!!";
29:       str2 := "  This is a srting,too!!  ";
30:       str3 := "";
31:       str4 := "adc""def";
33:       str4 := "cross 
         line string";
34:       incorrect_symbols := ~!@#$%^&*()_+|`-=\,./;[]"{}<>?:
35:    end.   // this is the end of the program
