1: integers:
2:  
3: 0
4: 123
5: 00
6: 00123
7: 0123
8: 123456789012345678901234567890  too big for the compiler, but this is ok for the scanner.
9: 
10: floating point numbers:
11: 0.
12: 0.0  OK
13: 000.
14: .000
15: 0.000 OK
16: 000.00
17: .123
18: 
19: scientific notations:
20: 3.45E4
21: 3.45E+4
22: 3.45E-4
23: 3.45E04
24: 3.45E+04
25: 3.45E-04
26: 
27: 1.23e4
28: 3.45e+4
29: 3.45e-4
30: 3.45e04
31: 3.45e+04
32: 3.45e-04
33: 
34: strings:
35: "abcde"
36: "abcd""efg" double quote in a string
37: "abc\ndef"  newline in a string.
38: "'" single quote in a string
39: "'" single quote in a string
40: 
41: 
42: comments:
43: 
44: // this is a comment
45: /* this is a comment */
46: /* this is wrong    //  hello hello    This is the same comment. */
47: // fdsfds */  fsdfds /* fdsfds */ fdsfdsfds
48: 
49: pragmas:  a pragma occupies a single line by itself, starting with "#pragma".
50: 
51: #pragmas profiling 27 59
