1: PROGRAM foo(input, output, error) ;
2:    // this test checks a very long variable name.
3:    // a very long variable name 
4:    var d123456789d123456789d123456789d123456789d123456789d123456789d123456789d123456789d123456789d123456789: integer;  
5: 
6:    begin
7:       // very long variable names
8:       d123456789d123456789d123456789d123456789d123456789d123456789d123456789d123456789d123456789d123456789 
9:       := 3 + 9;
10: 
11:       d123456789d123456789d123456789d123456789d123456789d123456789d123456789d123456789d123456789d123456789 
12:       := 
13:       d123456789d123456789d123456789d123456789d123456789d123456789d123456789d123456789d123456789d123456789 
14:       + 9
15: 
16:    end.   // this is the end of the program
